// Jest Snapshot v1, https://goo.gl/fbAQLP

exports[`Input component should match snapshots 1`] = `
.c0 {
  -webkit-appearance: none;
  border-radius: 4px;
  box-sizing: border-box;
  box-sizing: border-box;
  font-size: initial;
  -webkit-letter-spacing: 0.2px;
  -moz-letter-spacing: 0.2px;
  -ms-letter-spacing: 0.2px;
  letter-spacing: 0.2px;
  outline: none;
  -webkit-transition: all 0.2s ease-in-out;
  transition: all 0.2s ease-in-out;
  width: 100%;
  background-color: #ffffff;
  border: 2px solid #999999;
  color: #424242;
  margin-top: 8px;
  padding: 8px 16px;
}

.c0::-webkit-inner-spin-button,
.c0::-webkit-outer-spin-button {
  -webkit-appearance: none;
  margin: 0;
}

.c0::-webkit-calendar-picker-indicator,
.c0::-webkit-search-cancel-button {
  display: none;
}

.c0::-ms-clear {
  display: none;
}

.c0:hover,
.c0:focus {
  border-color: #1250C4;
  box-shadow: 0px 3px 1px -2px rgba(18,80,196,0.2),0px 2px 2px 0px rgba(18,80,196,0.14),0px 1px 5px 0px rgba(18,80,196,0.12);
}

.c0[disabled] {
  background-color: #f2f2f2;
  border-color: #999999;
  box-shadow: none;
  color: #999999;
  cursor: not-allowed;
}

.c0:-webkit-autofill {
  box-shadow: 0 0 0 1000px #ffe5e9 inset;
}

<input
  className="c0"
/>
`;

exports[`Input component should match snapshots 2`] = `
.c0 {
  -webkit-appearance: none;
  border-radius: 4px;
  box-sizing: border-box;
  box-sizing: border-box;
  font-size: initial;
  -webkit-letter-spacing: 0.2px;
  -moz-letter-spacing: 0.2px;
  -ms-letter-spacing: 0.2px;
  letter-spacing: 0.2px;
  outline: none;
  -webkit-transition: all 0.2s ease-in-out;
  transition: all 0.2s ease-in-out;
  width: 100%;
  background-color: #ffffff;
  border: 2px solid #999999;
  color: #424242;
  margin-top: 8px;
  padding: 8px 16px;
  border-color: #e91b0c;
}

.c0::-webkit-inner-spin-button,
.c0::-webkit-outer-spin-button {
  -webkit-appearance: none;
  margin: 0;
}

.c0::-webkit-calendar-picker-indicator,
.c0::-webkit-search-cancel-button {
  display: none;
}

.c0::-ms-clear {
  display: none;
}

.c0:hover,
.c0:focus {
  border-color: #e91b0c;
  box-shadow: 0px 3px 1px -2px rgba(233,27,12,0.2),0px 2px 2px 0px rgba(233,27,12,0.14),0px 1px 5px 0px rgba(233,27,12,0.12);
}

.c0[disabled] {
  background-color: #f2f2f2;
  border-color: #999999;
  box-shadow: none;
  color: #999999;
  cursor: not-allowed;
}

.c0:-webkit-autofill {
  box-shadow: 0 0 0 1000px #ffe5e9 inset;
}

<input
  className="c0"
/>
`;

exports[`Input component should match snapshots 3`] = `
.c0 {
  -webkit-appearance: none;
  border-radius: 4px;
  box-sizing: border-box;
  box-sizing: border-box;
  font-size: initial;
  -webkit-letter-spacing: 0.2px;
  -moz-letter-spacing: 0.2px;
  -ms-letter-spacing: 0.2px;
  letter-spacing: 0.2px;
  outline: none;
  -webkit-transition: all 0.2s ease-in-out;
  transition: all 0.2s ease-in-out;
  width: 100%;
  background-color: #ffffff;
  border: 2px solid #999999;
  color: #424242;
  margin-top: 8px;
  padding: 8px 16px;
}

.c0::-webkit-inner-spin-button,
.c0::-webkit-outer-spin-button {
  -webkit-appearance: none;
  margin: 0;
}

.c0::-webkit-calendar-picker-indicator,
.c0::-webkit-search-cancel-button {
  display: none;
}

.c0::-ms-clear {
  display: none;
}

.c0:hover,
.c0:focus {
  border-color: #1250C4;
  box-shadow: 0px 3px 1px -2px rgba(18,80,196,0.2),0px 2px 2px 0px rgba(18,80,196,0.14),0px 1px 5px 0px rgba(18,80,196,0.12);
}

.c0[disabled] {
  background-color: #f2f2f2;
  border-color: #999999;
  box-shadow: none;
  color: #999999;
  cursor: not-allowed;
}

.c0:-webkit-autofill {
  box-shadow: 0 0 0 1000px #ffe5e9 inset;
}

<input
  className="c0"
  disabled={true}
/>
`;

exports[`Input component should match snapshots 4`] = `
.c0 {
  -webkit-appearance: none;
  border-radius: 4px;
  box-sizing: border-box;
  box-sizing: border-box;
  font-size: initial;
  -webkit-letter-spacing: 0.2px;
  -moz-letter-spacing: 0.2px;
  -ms-letter-spacing: 0.2px;
  letter-spacing: 0.2px;
  outline: none;
  -webkit-transition: all 0.2s ease-in-out;
  transition: all 0.2s ease-in-out;
  width: 100%;
  background-color: #ffffff;
  border: 2px solid #999999;
  color: #424242;
  margin-top: 8px;
  padding: 8px 16px;
}

.c0::-webkit-inner-spin-button,
.c0::-webkit-outer-spin-button {
  -webkit-appearance: none;
  margin: 0;
}

.c0::-webkit-calendar-picker-indicator,
.c0::-webkit-search-cancel-button {
  display: none;
}

.c0::-ms-clear {
  display: none;
}

.c0:hover,
.c0:focus {
  border-color: #1250C4;
  box-shadow: 0px 3px 1px -2px rgba(18,80,196,0.2),0px 2px 2px 0px rgba(18,80,196,0.14),0px 1px 5px 0px rgba(18,80,196,0.12);
}

.c0[disabled] {
  background-color: #f2f2f2;
  border-color: #999999;
  box-shadow: none;
  color: #999999;
  cursor: not-allowed;
}

.c0:-webkit-autofill {
  box-shadow: 0 0 0 1000px #ffe5e9 inset;
}

<input
  className="c0"
/>
`;

exports[`Input component should match snapshots 5`] = `
.c0 {
  -webkit-appearance: none;
  border-radius: 4px;
  box-sizing: border-box;
  box-sizing: border-box;
  font-size: initial;
  -webkit-letter-spacing: 0.2px;
  -moz-letter-spacing: 0.2px;
  -ms-letter-spacing: 0.2px;
  letter-spacing: 0.2px;
  outline: none;
  -webkit-transition: all 0.2s ease-in-out;
  transition: all 0.2s ease-in-out;
  width: 100%;
  background-color: #ffffff;
  border: 2px solid #999999;
  color: #424242;
  margin-top: 8px;
  padding: 8px 16px;
  color: #999999;
}

.c0::-webkit-inner-spin-button,
.c0::-webkit-outer-spin-button {
  -webkit-appearance: none;
  margin: 0;
}

.c0::-webkit-calendar-picker-indicator,
.c0::-webkit-search-cancel-button {
  display: none;
}

.c0::-ms-clear {
  display: none;
}

.c0:hover,
.c0:focus {
  border-color: #1250C4;
  box-shadow: 0px 3px 1px -2px rgba(18,80,196,0.2),0px 2px 2px 0px rgba(18,80,196,0.14),0px 1px 5px 0px rgba(18,80,196,0.12);
}

.c0[disabled] {
  background-color: #f2f2f2;
  border-color: #999999;
  box-shadow: none;
  color: #999999;
  cursor: not-allowed;
}

.c0:-webkit-autofill {
  box-shadow: 0 0 0 1000px #ffe5e9 inset;
}

<input
  className="c0"
  placeholder="Placeholder text"
/>
`;

exports[`Input component should match snapshots 6`] = `
.c0 {
  -webkit-appearance: none;
  border-radius: 4px;
  box-sizing: border-box;
  box-sizing: border-box;
  font-size: initial;
  -webkit-letter-spacing: 0.2px;
  -moz-letter-spacing: 0.2px;
  -ms-letter-spacing: 0.2px;
  letter-spacing: 0.2px;
  outline: none;
  -webkit-transition: all 0.2s ease-in-out;
  transition: all 0.2s ease-in-out;
  width: 100%;
  background-color: #ffffff;
  border: 2px solid #999999;
  color: #424242;
  margin-top: 8px;
  padding: 8px 16px;
}

.c0::-webkit-inner-spin-button,
.c0::-webkit-outer-spin-button {
  -webkit-appearance: none;
  margin: 0;
}

.c0::-webkit-calendar-picker-indicator,
.c0::-webkit-search-cancel-button {
  display: none;
}

.c0::-ms-clear {
  display: none;
}

.c0:hover,
.c0:focus {
  border-color: #1250C4;
  box-shadow: 0px 3px 1px -2px rgba(18,80,196,0.2),0px 2px 2px 0px rgba(18,80,196,0.14),0px 1px 5px 0px rgba(18,80,196,0.12);
}

.c0[disabled] {
  background-color: #f2f2f2;
  border-color: #999999;
  box-shadow: none;
  color: #999999;
  cursor: not-allowed;
}

.c0:-webkit-autofill {
  box-shadow: 0 0 0 1000px #ffe5e9 inset;
}

<input
  className="c0"
  value="Value text"
/>
`;

exports[`Input component should match snapshots 7`] = `
.c0 {
  -webkit-appearance: none;
  border-radius: 4px;
  box-sizing: border-box;
  box-sizing: border-box;
  font-size: initial;
  -webkit-letter-spacing: 0.2px;
  -moz-letter-spacing: 0.2px;
  -ms-letter-spacing: 0.2px;
  letter-spacing: 0.2px;
  outline: none;
  -webkit-transition: all 0.2s ease-in-out;
  transition: all 0.2s ease-in-out;
  width: 100%;
  background-color: #ffffff;
  border: 2px solid #999999;
  color: #424242;
  margin-top: 8px;
  padding: 8px 16px;
}

.c0::-webkit-inner-spin-button,
.c0::-webkit-outer-spin-button {
  -webkit-appearance: none;
  margin: 0;
}

.c0::-webkit-calendar-picker-indicator,
.c0::-webkit-search-cancel-button {
  display: none;
}

.c0::-ms-clear {
  display: none;
}

.c0:hover,
.c0:focus {
  border-color: #1250C4;
  box-shadow: 0px 3px 1px -2px rgba(18,80,196,0.2),0px 2px 2px 0px rgba(18,80,196,0.14),0px 1px 5px 0px rgba(18,80,196,0.12);
}

.c0[disabled] {
  background-color: #f2f2f2;
  border-color: #999999;
  box-shadow: none;
  color: #999999;
  cursor: not-allowed;
}

.c0:-webkit-autofill {
  box-shadow: 0 0 0 1000px #ffe5e9 inset;
}

<input
  className="c0"
  defaultValue="Value text"
/>
`;

exports[`Input component should match snapshots 8`] = `
.c0 {
  -webkit-appearance: none;
  border-radius: 4px;
  box-sizing: border-box;
  box-sizing: border-box;
  font-size: initial;
  -webkit-letter-spacing: 0.2px;
  -moz-letter-spacing: 0.2px;
  -ms-letter-spacing: 0.2px;
  letter-spacing: 0.2px;
  outline: none;
  -webkit-transition: all 0.2s ease-in-out;
  transition: all 0.2s ease-in-out;
  width: 100%;
  background-color: #ffffff;
  border: 2px solid #999999;
  color: #424242;
  margin-top: 8px;
  padding: 8px 16px;
}

.c0::-webkit-inner-spin-button,
.c0::-webkit-outer-spin-button {
  -webkit-appearance: none;
  margin: 0;
}

.c0::-webkit-calendar-picker-indicator,
.c0::-webkit-search-cancel-button {
  display: none;
}

.c0::-ms-clear {
  display: none;
}

.c0:hover,
.c0:focus {
  border-color: #1250C4;
  box-shadow: 0px 3px 1px -2px rgba(18,80,196,0.2),0px 2px 2px 0px rgba(18,80,196,0.14),0px 1px 5px 0px rgba(18,80,196,0.12);
}

.c0[disabled] {
  background-color: #f2f2f2;
  border-color: #999999;
  box-shadow: none;
  color: #999999;
  cursor: not-allowed;
}

.c0:-webkit-autofill {
  box-shadow: 0 0 0 1000px #ffe5e9 inset;
}

<input
  className="c0"
  placeholder="Placeholder text"
  value="Value text"
/>
`;

exports[`Input component should match snapshots 9`] = `
.c0 {
  -webkit-appearance: none;
  border-radius: 4px;
  box-sizing: border-box;
  box-sizing: border-box;
  font-size: initial;
  -webkit-letter-spacing: 0.2px;
  -moz-letter-spacing: 0.2px;
  -ms-letter-spacing: 0.2px;
  letter-spacing: 0.2px;
  outline: none;
  -webkit-transition: all 0.2s ease-in-out;
  transition: all 0.2s ease-in-out;
  width: 100%;
  background-color: #ffffff;
  border: 2px solid #999999;
  color: #424242;
  margin-top: 8px;
  padding: 8px 16px;
  border-color: #e91b0c;
}

.c0::-webkit-inner-spin-button,
.c0::-webkit-outer-spin-button {
  -webkit-appearance: none;
  margin: 0;
}

.c0::-webkit-calendar-picker-indicator,
.c0::-webkit-search-cancel-button {
  display: none;
}

.c0::-ms-clear {
  display: none;
}

.c0:hover,
.c0:focus {
  border-color: #e91b0c;
  box-shadow: 0px 3px 1px -2px rgba(233,27,12,0.2),0px 2px 2px 0px rgba(233,27,12,0.14),0px 1px 5px 0px rgba(233,27,12,0.12);
}

.c0[disabled] {
  background-color: #f2f2f2;
  border-color: #999999;
  box-shadow: none;
  color: #999999;
  cursor: not-allowed;
}

.c0:-webkit-autofill {
  box-shadow: 0 0 0 1000px #ffe5e9 inset;
}

<input
  className="c0"
  disabled={true}
/>
`;
