// Jest Snapshot v1, https://goo.gl/fbAQLP

exports[`Accordion component Should match the snapshot of a simple circular loader 1`] = `
.c0 {
  font-size: 16px;
  padding: 0 16px;
  color: #191919;
  list-style-type: none;
  background-color: inherit;
}

.c1 {
  border-bottom: 1px solid #191919;
}

.c1:last-child {
  border-bottom: 1px solid transparent;
}

.c3 {
  font-size: 16px;
  font-weight: bold;
  line-height: inherit;
}

.c2 {
  line-height: 24px;
  height: 24px;
  padding: 16px 0;
  cursor: pointer;
  display: -webkit-inline-box;
  display: -webkit-inline-flex;
  display: -ms-inline-flexbox;
  display: inline-flex;
  -webkit-box-pack: justify;
  -webkit-justify-content: space-between;
  -ms-flex-pack: justify;
  justify-content: space-between;
  width: 100%;
  background: inherit;
  border: none;
  box-sizing: content-box;
}

.c5 {
  height: 0;
  -webkit-transform: scaleY(0);
  -ms-transform: scaleY(0);
  transform: scaleY(0);
  -webkit-transform-origin: top;
  -ms-transform-origin: top;
  transform-origin: top;
  overflow: hidden;
  -webkit-transition: -webkit-transform 0.2s ease;
  -webkit-transition: transform 0.2s ease;
  transition: transform 0.2s ease;
  font-size: 14px;
}

.c5 a {
  color: inherit;
  -webkit-text-decoration: none;
  text-decoration: none;
  font-size: 14px;
}

.c5 ul {
  list-style-type: none;
  padding: 0;
}

.c5 ul > li {
  padding: 8px 0;
}

.c5 p {
  margin: 0;
}

.c4 {
  font-size: 24px;
  line-height: inherit;
}

<ul
  className="c0"
>
  <li
    className="c1"
    color="#191919"
  >
    <button
      aria-controls="Institucional-0-content"
      className="c2"
      id="Institucional-0-header"
      onClick={[Function]}
      spacing={
        Object {
          "large": 24,
          "medium": 16,
          "small": 12,
          "xlarge": 32,
          "xsmall": 8,
          "xxlarge": 40,
          "xxsmall": 4,
          "xxxlarge": 48,
          "xxxsmall": 2,
        }
      }
      type="button"
    >
      <span
        className="c3"
      >
        Institucional
      </span>
      <span
        aria-hidden={true}
        className="material-icons MuiIcon-root c4"
        style={
          Object {
            "color": "",
          }
        }
        theme={
          Object {
            "baseFontSize": 16,
            "colors": Object {
              "error": Object {
                "100": "#fff5f5",
                "300": "#f88e86",
                "500": "#ec584e",
                "700": "#e91b0c",
                "900": "#ac001a",
              },
              "neutral": Object {
                "0": "#ffffff",
                "100": "#f2f2f2",
                "1000": "#000000",
                "300": "#e0e0e0",
                "500": "#999999",
                "700": "#424242",
                "900": "#191919",
              },
              "primary": Object {
                "100": "#E5EDFC",
                "300": "#89AAE7",
                "500": "#0CC0EA",
                "700": "#1250C4",
                "900": "#002F7B",
              },
              "secondary": Object {
                "100": "#F7B0C8",
                "300": "#F278A1",
                "500": "#E91E63",
                "700": "#DE0059",
                "900": "#9E003F",
              },
              "success": Object {
                "100": "#dcedc8",
                "300": "#c9eda2",
                "500": "#7ed321",
                "700": "#3b610f",
                "900": "#004D40",
              },
              "warning": Object {
                "100": "#ffefd6",
                "300": "#ffda6a",
                "500": "#ffc107",
                "700": "#f09100",
                "900": "#d14900",
              },
            },
            "spacing": Object {
              "large": 24,
              "medium": 16,
              "small": 12,
              "xlarge": 32,
              "xsmall": 8,
              "xxlarge": 40,
              "xxsmall": 4,
              "xxxlarge": 48,
              "xxxsmall": 2,
            },
          }
        }
      >
        expand_more
      </span>
    </button>
    <div
      aria-hidden={true}
      aria-labelledby="Institucional-0-header"
      className="c5"
      id="Institucional-0-content"
    >
      <ul>
        <li>
          <a
            href="#"
          >
            Blog
          </a>
        </li>
        <li>
          <a
            href="#"
          >
            Contatos
          </a>
        </li>
        <li>
          <a
            href="#"
          >
            Certificação
          </a>
        </li>
        <li>
          <a
            href="#"
          >
            Imprensa
          </a>
        </li>
        <li>
          <a
            href="#"
          >
            Mapa do site
          </a>
        </li>
      </ul>
    </div>
  </li>
  <li
    className="c1"
    color="#191919"
  >
    <button
      aria-controls="Para-candidato-1-content"
      className="c2"
      id="Para-candidato-1-header"
      onClick={[Function]}
      spacing={
        Object {
          "large": 24,
          "medium": 16,
          "small": 12,
          "xlarge": 32,
          "xsmall": 8,
          "xxlarge": 40,
          "xxsmall": 4,
          "xxxlarge": 48,
          "xxxsmall": 2,
        }
      }
      type="button"
    >
      <span
        className="c3"
      >
        Para candidato
      </span>
      <span
        aria-hidden={true}
        className="material-icons MuiIcon-root c4"
        style={
          Object {
            "color": "",
          }
        }
        theme={
          Object {
            "baseFontSize": 16,
            "colors": Object {
              "error": Object {
                "100": "#fff5f5",
                "300": "#f88e86",
                "500": "#ec584e",
                "700": "#e91b0c",
                "900": "#ac001a",
              },
              "neutral": Object {
                "0": "#ffffff",
                "100": "#f2f2f2",
                "1000": "#000000",
                "300": "#e0e0e0",
                "500": "#999999",
                "700": "#424242",
                "900": "#191919",
              },
              "primary": Object {
                "100": "#E5EDFC",
                "300": "#89AAE7",
                "500": "#0CC0EA",
                "700": "#1250C4",
                "900": "#002F7B",
              },
              "secondary": Object {
                "100": "#F7B0C8",
                "300": "#F278A1",
                "500": "#E91E63",
                "700": "#DE0059",
                "900": "#9E003F",
              },
              "success": Object {
                "100": "#dcedc8",
                "300": "#c9eda2",
                "500": "#7ed321",
                "700": "#3b610f",
                "900": "#004D40",
              },
              "warning": Object {
                "100": "#ffefd6",
                "300": "#ffda6a",
                "500": "#ffc107",
                "700": "#f09100",
                "900": "#d14900",
              },
            },
            "spacing": Object {
              "large": 24,
              "medium": 16,
              "small": 12,
              "xlarge": 32,
              "xsmall": 8,
              "xxlarge": 40,
              "xxsmall": 4,
              "xxxlarge": 48,
              "xxxsmall": 2,
            },
          }
        }
      >
        expand_more
      </span>
    </button>
    <div
      aria-hidden={true}
      aria-labelledby="Para-candidato-1-header"
      className="c5"
      id="Para-candidato-1-content"
    >
      <p>
        Lorem ipsum dolor sit amet, consectetur adipiscing elit.
        <br />
        Ut orci metus, auctor et viverra nec, consectetur vel diam.
        <br />
        Pellentesque non dui id ex fringilla posuere. Donec at hendrerit leo.
        <br />
        Aenean sit amet velit est.Aliquam erat volutpat.
        <br />
        In eu luctus ipsum. Etiam nibh neque, posuere sit amet euismod sit amet,
        <br />
        fringilla non nisi. Proin in pharetra tellus.
      </p>
    </div>
  </li>
  <li
    className="c1"
    color="#191919"
  >
    <button
      aria-controls="Para-Empresa-2-content"
      className="c2"
      id="Para-Empresa-2-header"
      onClick={[Function]}
      spacing={
        Object {
          "large": 24,
          "medium": 16,
          "small": 12,
          "xlarge": 32,
          "xsmall": 8,
          "xxlarge": 40,
          "xxsmall": 4,
          "xxxlarge": 48,
          "xxxsmall": 2,
        }
      }
      type="button"
    >
      <span
        className="c3"
      >
        Para Empresa
      </span>
      <span
        aria-hidden={true}
        className="material-icons MuiIcon-root c4"
        style={
          Object {
            "color": "",
          }
        }
        theme={
          Object {
            "baseFontSize": 16,
            "colors": Object {
              "error": Object {
                "100": "#fff5f5",
                "300": "#f88e86",
                "500": "#ec584e",
                "700": "#e91b0c",
                "900": "#ac001a",
              },
              "neutral": Object {
                "0": "#ffffff",
                "100": "#f2f2f2",
                "1000": "#000000",
                "300": "#e0e0e0",
                "500": "#999999",
                "700": "#424242",
                "900": "#191919",
              },
              "primary": Object {
                "100": "#E5EDFC",
                "300": "#89AAE7",
                "500": "#0CC0EA",
                "700": "#1250C4",
                "900": "#002F7B",
              },
              "secondary": Object {
                "100": "#F7B0C8",
                "300": "#F278A1",
                "500": "#E91E63",
                "700": "#DE0059",
                "900": "#9E003F",
              },
              "success": Object {
                "100": "#dcedc8",
                "300": "#c9eda2",
                "500": "#7ed321",
                "700": "#3b610f",
                "900": "#004D40",
              },
              "warning": Object {
                "100": "#ffefd6",
                "300": "#ffda6a",
                "500": "#ffc107",
                "700": "#f09100",
                "900": "#d14900",
              },
            },
            "spacing": Object {
              "large": 24,
              "medium": 16,
              "small": 12,
              "xlarge": 32,
              "xsmall": 8,
              "xxlarge": 40,
              "xxsmall": 4,
              "xxxlarge": 48,
              "xxxsmall": 2,
            },
          }
        }
      >
        expand_more
      </span>
    </button>
    <div
      aria-hidden={true}
      aria-labelledby="Para-Empresa-2-header"
      className="c5"
      id="Para-Empresa-2-content"
    >
      <p>
        Lorem ipsum dolor sit amet, consectetur adipiscing elit.
        <br />
        Ut orci metus, auctor et viverra nec, consectetur vel diam.
        <br />
        Pellentesque non dui id ex fringilla posuere. Donec at hendrerit leo.
        <br />
        Aenean sit amet velit est.Aliquam erat volutpat.
        <br />
        In eu luctus ipsum. Etiam nibh neque, posuere sit amet euismod sit amet,
        <br />
        fringilla non nisi. Proin in pharetra tellus.
      </p>
    </div>
  </li>
  <li
    className="c1"
    color="#191919"
  >
    <button
      aria-controls="Educacao-3-content"
      className="c2"
      id="Educacao-3-header"
      onClick={[Function]}
      spacing={
        Object {
          "large": 24,
          "medium": 16,
          "small": 12,
          "xlarge": 32,
          "xsmall": 8,
          "xxlarge": 40,
          "xxsmall": 4,
          "xxxlarge": 48,
          "xxxsmall": 2,
        }
      }
      type="button"
    >
      <span
        className="c3"
      >
        Educação
      </span>
      <span
        aria-hidden={true}
        className="material-icons MuiIcon-root c4"
        style={
          Object {
            "color": "",
          }
        }
        theme={
          Object {
            "baseFontSize": 16,
            "colors": Object {
              "error": Object {
                "100": "#fff5f5",
                "300": "#f88e86",
                "500": "#ec584e",
                "700": "#e91b0c",
                "900": "#ac001a",
              },
              "neutral": Object {
                "0": "#ffffff",
                "100": "#f2f2f2",
                "1000": "#000000",
                "300": "#e0e0e0",
                "500": "#999999",
                "700": "#424242",
                "900": "#191919",
              },
              "primary": Object {
                "100": "#E5EDFC",
                "300": "#89AAE7",
                "500": "#0CC0EA",
                "700": "#1250C4",
                "900": "#002F7B",
              },
              "secondary": Object {
                "100": "#F7B0C8",
                "300": "#F278A1",
                "500": "#E91E63",
                "700": "#DE0059",
                "900": "#9E003F",
              },
              "success": Object {
                "100": "#dcedc8",
                "300": "#c9eda2",
                "500": "#7ed321",
                "700": "#3b610f",
                "900": "#004D40",
              },
              "warning": Object {
                "100": "#ffefd6",
                "300": "#ffda6a",
                "500": "#ffc107",
                "700": "#f09100",
                "900": "#d14900",
              },
            },
            "spacing": Object {
              "large": 24,
              "medium": 16,
              "small": 12,
              "xlarge": 32,
              "xsmall": 8,
              "xxlarge": 40,
              "xxsmall": 4,
              "xxxlarge": 48,
              "xxxsmall": 2,
            },
          }
        }
      >
        expand_more
      </span>
    </button>
    <div
      aria-hidden={true}
      aria-labelledby="Educacao-3-header"
      className="c5"
      id="Educacao-3-content"
    >
      <p>
        Lorem ipsum dolor sit amet, consectetur adipiscing elit.
        <br />
        Ut orci metus, auctor et viverra nec, consectetur vel diam.
        <br />
        Pellentesque non dui id ex fringilla posuere. Donec at hendrerit leo.
        <br />
        Aenean sit amet velit est.Aliquam erat volutpat.
        <br />
        In eu luctus ipsum. Etiam nibh neque, posuere sit amet euismod sit amet,
        <br />
        fringilla non nisi. Proin in pharetra tellus.
      </p>
    </div>
  </li>
</ul>
`;
