// Jest Snapshot v1, https://goo.gl/fbAQLP

exports[`<ActionButton /> Snapshot should match snapshot 1`] = `
.c0 {
  cursor: pointer;
  font-weight: normal;
  outline: none;
  text-align: center;
  -webkit-text-decoration: none;
  text-decoration: none;
  -webkit-transition: color 0.2s ease-in-out,background-color 0.2s ease-in-out,border 0.2s ease-in-out;
  transition: color 0.2s ease-in-out,background-color 0.2s ease-in-out,border 0.2s ease-in-out;
  -webkit-user-select: none;
  -moz-user-select: none;
  -ms-user-select: none;
  user-select: none;
  white-space: nowrap;
  border-radius: 4px;
  border: 2px solid transparent;
  margin: 0 4px;
  padding: 8px 16px;
  color: #1250C4;
}

.c0[aria-disabled=true] {
  display: none;
}

.c0[aria-disabled=false]:hover,
.c0[aria-disabled=false]:focus {
  background-color: #E5EDFC;
  border: 2px solid #1250C4;
}

<a
  className="c0"
  onClick={[Function]}
>
  Back
</a>
`;

exports[`<ActionButton /> Snapshot should match snapshot with aria-disabled prop 1`] = `
.c0 {
  cursor: pointer;
  font-weight: normal;
  outline: none;
  text-align: center;
  -webkit-text-decoration: none;
  text-decoration: none;
  -webkit-transition: color 0.2s ease-in-out,background-color 0.2s ease-in-out,border 0.2s ease-in-out;
  transition: color 0.2s ease-in-out,background-color 0.2s ease-in-out,border 0.2s ease-in-out;
  -webkit-user-select: none;
  -moz-user-select: none;
  -ms-user-select: none;
  user-select: none;
  white-space: nowrap;
  border-radius: 4px;
  border: 2px solid transparent;
  margin: 0 4px;
  padding: 8px 16px;
  color: #1250C4;
}

.c0[aria-disabled=true] {
  display: none;
}

.c0[aria-disabled=false]:hover,
.c0[aria-disabled=false]:focus {
  background-color: #E5EDFC;
  border: 2px solid #1250C4;
}

<a
  aria-disabled={true}
  className="c0"
  onClick={[Function]}
>
  Next
</a>
`;
