// Jest Snapshot v1, https://goo.gl/fbAQLP

exports[`Button component Should match the snapshot 1`] = `
.c0 {
  -webkit-align-items: center;
  -webkit-box-align: center;
  -ms-flex-align: center;
  align-items: center;
  box-sizing: border-box;
  display: -webkit-box;
  display: -webkit-flex;
  display: -ms-flexbox;
  display: flex;
  font-weight: bold;
  -webkit-box-pack: center;
  -webkit-justify-content: center;
  -ms-flex-pack: center;
  justify-content: center;
  border-radius: 4px;
  cursor: pointer;
  font-size: 16px;
  line-height: 24px;
  min-height: 40px;
  padding: 4px 16px;
  -webkit-transition: all 0.2s ease-in-out;
  transition: all 0.2s ease-in-out;
  background-color: #1250C4;
  color: #ffffff;
  border: 2px solid #1250C4;
  box-shadow: 0px 3px 1px -2px rgba(153,153,153,0.2),0px 2px 2px 0px rgba(153,153,153,0.14),0px 1px 5px 0px rgba(153,153,153,0.12);
}

.c0:hover {
  box-shadow: 0px 2px 4px -1px rgba(0,47,123,0.2),0px 4px 5px 0px rgba(0,47,123,0.14),0px 1px 10px 0px rgba(0,47,123,0.12);
  background-color: #002F7B;
  border-color: #002F7B;
}

.c0:focus,
.c0:focus-within {
  box-shadow: 0px 2px 4px -1px rgba(18,80,196,0.2),0px 4px 5px 0px rgba(18,80,196,0.14),0px 1px 10px 0px rgba(18,80,196,0.12);
}

.c0:active {
  box-shadow: 0px 5px 5px -3px rgba(0,47,123,0.2),0px 8px 10px 1px rgba(0,47,123,0.14),0px 3px 14px 2px rgba(0,47,123,0.12);
  background-color: #002F7B;
}

<button
  class="c0"
  type="button"
>
  Text
</button>
`;

exports[`Button component should render a button only icon state  1`] = `
.c1 {
  pointer-events: none;
  width: 24px;
}

.c1.with-children {
  margin-right: 8px;
}

.c0 {
  -webkit-align-items: center;
  -webkit-box-align: center;
  -ms-flex-align: center;
  align-items: center;
  box-sizing: border-box;
  display: -webkit-box;
  display: -webkit-flex;
  display: -ms-flexbox;
  display: flex;
  font-weight: bold;
  -webkit-box-pack: center;
  -webkit-justify-content: center;
  -ms-flex-pack: center;
  justify-content: center;
  border-radius: 4px;
  cursor: pointer;
  font-size: 16px;
  line-height: 24px;
  min-height: 40px;
  padding: 4px 16px;
  -webkit-transition: all 0.2s ease-in-out;
  transition: all 0.2s ease-in-out;
  background-color: #1250C4;
  color: #ffffff;
  border: 2px solid #1250C4;
  box-shadow: 0px 3px 1px -2px rgba(153,153,153,0.2),0px 2px 2px 0px rgba(153,153,153,0.14),0px 1px 5px 0px rgba(153,153,153,0.12);
}

.c0:hover {
  box-shadow: 0px 2px 4px -1px rgba(0,47,123,0.2),0px 4px 5px 0px rgba(0,47,123,0.14),0px 1px 10px 0px rgba(0,47,123,0.12);
  background-color: #002F7B;
  border-color: #002F7B;
}

.c0:focus,
.c0:focus-within {
  box-shadow: 0px 2px 4px -1px rgba(18,80,196,0.2),0px 4px 5px 0px rgba(18,80,196,0.14),0px 1px 10px 0px rgba(18,80,196,0.12);
}

.c0:active {
  box-shadow: 0px 5px 5px -3px rgba(0,47,123,0.2),0px 8px 10px 1px rgba(0,47,123,0.14),0px 3px 14px 2px rgba(0,47,123,0.12);
  background-color: #002F7B;
}

<button
  class="c0"
  type="button"
>
  <svg
    aria-hidden="true"
    class="MuiSvgIcon-root MuiSvgIcon-fontSizeMedium c1 css-1696fkf-MuiSvgIcon-root"
    data-qtm-preloader="icon"
    data-testid="InfoIcon"
    focusable="false"
    style="font-size: 24px; max-width: 24px;"
    viewBox="0 0 24 24"
  >
    <path
      d="M12 2C6.48 2 2 6.48 2 12s4.48 10 10 10 10-4.48 10-10S17.52 2 12 2m1 15h-2v-6h2zm0-8h-2V7h2z"
    />
  </svg>
</button>
`;

exports[`Button component should render a button only icon state  2`] = `
.c1 {
  pointer-events: none;
  width: 24px;
}

.c1.with-children {
  margin-right: 8px;
}

.c0 {
  -webkit-align-items: center;
  -webkit-box-align: center;
  -ms-flex-align: center;
  align-items: center;
  box-sizing: border-box;
  display: -webkit-box;
  display: -webkit-flex;
  display: -ms-flexbox;
  display: flex;
  font-weight: bold;
  -webkit-box-pack: center;
  -webkit-justify-content: center;
  -ms-flex-pack: center;
  justify-content: center;
  border-radius: 4px;
  cursor: pointer;
  font-size: 12px;
  line-height: 16px;
  min-height: 24px;
  padding: 0px 8px;
  -webkit-transition: all 0.2s ease-in-out;
  transition: all 0.2s ease-in-out;
  background-color: #1250C4;
  color: #ffffff;
  border: 2px solid #1250C4;
  box-shadow: 0px 3px 1px -2px rgba(153,153,153,0.2),0px 2px 2px 0px rgba(153,153,153,0.14),0px 1px 5px 0px rgba(153,153,153,0.12);
}

.c0:hover {
  box-shadow: 0px 2px 4px -1px rgba(0,47,123,0.2),0px 4px 5px 0px rgba(0,47,123,0.14),0px 1px 10px 0px rgba(0,47,123,0.12);
  background-color: #002F7B;
  border-color: #002F7B;
}

.c0:focus,
.c0:focus-within {
  box-shadow: 0px 2px 4px -1px rgba(18,80,196,0.2),0px 4px 5px 0px rgba(18,80,196,0.14),0px 1px 10px 0px rgba(18,80,196,0.12);
}

.c0:active {
  box-shadow: 0px 5px 5px -3px rgba(0,47,123,0.2),0px 8px 10px 1px rgba(0,47,123,0.14),0px 3px 14px 2px rgba(0,47,123,0.12);
  background-color: #002F7B;
}

<button
  class="c0"
  type="button"
>
  <svg
    aria-hidden="true"
    class="MuiSvgIcon-root MuiSvgIcon-fontSizeMedium c1 css-1696fkf-MuiSvgIcon-root"
    data-qtm-preloader="icon"
    data-testid="InfoIcon"
    focusable="false"
    style="font-size: 8px; max-width: 8px;"
    viewBox="0 0 24 24"
  >
    <path
      d="M12 2C6.48 2 2 6.48 2 12s4.48 10 10 10 10-4.48 10-10S17.52 2 12 2m1 15h-2v-6h2zm0-8h-2V7h2z"
    />
  </svg>
</button>
`;

exports[`Button component should render a button only icon state  3`] = `
.c1 {
  pointer-events: none;
  width: 24px;
}

.c1.with-children {
  margin-right: 8px;
}

.c0 {
  -webkit-align-items: center;
  -webkit-box-align: center;
  -ms-flex-align: center;
  align-items: center;
  box-sizing: border-box;
  display: -webkit-box;
  display: -webkit-flex;
  display: -ms-flexbox;
  display: flex;
  font-weight: bold;
  -webkit-box-pack: center;
  -webkit-justify-content: center;
  -ms-flex-pack: center;
  justify-content: center;
  border-radius: 4px;
  cursor: pointer;
  font-size: 12px;
  line-height: 18px;
  min-height: 32px;
  padding: 4px 16px;
  -webkit-transition: all 0.2s ease-in-out;
  transition: all 0.2s ease-in-out;
  background-color: #1250C4;
  color: #ffffff;
  border: 2px solid #1250C4;
  box-shadow: 0px 3px 1px -2px rgba(153,153,153,0.2),0px 2px 2px 0px rgba(153,153,153,0.14),0px 1px 5px 0px rgba(153,153,153,0.12);
}

.c0:hover {
  box-shadow: 0px 2px 4px -1px rgba(0,47,123,0.2),0px 4px 5px 0px rgba(0,47,123,0.14),0px 1px 10px 0px rgba(0,47,123,0.12);
  background-color: #002F7B;
  border-color: #002F7B;
}

.c0:focus,
.c0:focus-within {
  box-shadow: 0px 2px 4px -1px rgba(18,80,196,0.2),0px 4px 5px 0px rgba(18,80,196,0.14),0px 1px 10px 0px rgba(18,80,196,0.12);
}

.c0:active {
  box-shadow: 0px 5px 5px -3px rgba(0,47,123,0.2),0px 8px 10px 1px rgba(0,47,123,0.14),0px 3px 14px 2px rgba(0,47,123,0.12);
  background-color: #002F7B;
}

<button
  class="c0"
  type="button"
>
  <svg
    aria-hidden="true"
    class="MuiSvgIcon-root MuiSvgIcon-fontSizeMedium c1 css-1696fkf-MuiSvgIcon-root"
    data-qtm-preloader="icon"
    data-testid="InfoIcon"
    focusable="false"
    style="font-size: 16px; max-width: 16px;"
    viewBox="0 0 24 24"
  >
    <path
      d="M12 2C6.48 2 2 6.48 2 12s4.48 10 10 10 10-4.48 10-10S17.52 2 12 2m1 15h-2v-6h2zm0-8h-2V7h2z"
    />
  </svg>
</button>
`;

exports[`Button component should render a button only icon state  4`] = `
.c1 {
  pointer-events: none;
  width: 24px;
}

.c1.with-children {
  margin-right: 8px;
}

.c0 {
  -webkit-align-items: center;
  -webkit-box-align: center;
  -ms-flex-align: center;
  align-items: center;
  box-sizing: border-box;
  display: -webkit-box;
  display: -webkit-flex;
  display: -ms-flexbox;
  display: flex;
  font-weight: bold;
  -webkit-box-pack: center;
  -webkit-justify-content: center;
  -ms-flex-pack: center;
  justify-content: center;
  border-radius: 4px;
  cursor: pointer;
  font-size: 20px;
  line-height: 28px;
  min-height: 48px;
  padding: 4px 16px;
  -webkit-transition: all 0.2s ease-in-out;
  transition: all 0.2s ease-in-out;
  background-color: #1250C4;
  color: #ffffff;
  border: 2px solid #1250C4;
  box-shadow: 0px 3px 1px -2px rgba(153,153,153,0.2),0px 2px 2px 0px rgba(153,153,153,0.14),0px 1px 5px 0px rgba(153,153,153,0.12);
}

.c0:hover {
  box-shadow: 0px 2px 4px -1px rgba(0,47,123,0.2),0px 4px 5px 0px rgba(0,47,123,0.14),0px 1px 10px 0px rgba(0,47,123,0.12);
  background-color: #002F7B;
  border-color: #002F7B;
}

.c0:focus,
.c0:focus-within {
  box-shadow: 0px 2px 4px -1px rgba(18,80,196,0.2),0px 4px 5px 0px rgba(18,80,196,0.14),0px 1px 10px 0px rgba(18,80,196,0.12);
}

.c0:active {
  box-shadow: 0px 5px 5px -3px rgba(0,47,123,0.2),0px 8px 10px 1px rgba(0,47,123,0.14),0px 3px 14px 2px rgba(0,47,123,0.12);
  background-color: #002F7B;
}

<button
  class="c0"
  type="button"
>
  <svg
    aria-hidden="true"
    class="MuiSvgIcon-root MuiSvgIcon-fontSizeMedium c1 css-1696fkf-MuiSvgIcon-root"
    data-qtm-preloader="icon"
    data-testid="InfoIcon"
    focusable="false"
    style="font-size: 32px; max-width: 32px;"
    viewBox="0 0 24 24"
  >
    <path
      d="M12 2C6.48 2 2 6.48 2 12s4.48 10 10 10 10-4.48 10-10S17.52 2 12 2m1 15h-2v-6h2zm0-8h-2V7h2z"
    />
  </svg>
</button>
`;

exports[`Button component should render a button only icon state  5`] = `
.c1 {
  pointer-events: none;
  width: 24px;
}

.c1.with-children {
  margin-right: 8px;
}

.c0 {
  -webkit-align-items: center;
  -webkit-box-align: center;
  -ms-flex-align: center;
  align-items: center;
  box-sizing: border-box;
  display: -webkit-box;
  display: -webkit-flex;
  display: -ms-flexbox;
  display: flex;
  font-weight: bold;
  -webkit-box-pack: center;
  -webkit-justify-content: center;
  -ms-flex-pack: center;
  justify-content: center;
  border-radius: 4px;
  cursor: pointer;
  font-size: 24px;
  line-height: 32px;
  min-height: 56px;
  padding: 4px 16px;
  -webkit-transition: all 0.2s ease-in-out;
  transition: all 0.2s ease-in-out;
  background-color: #1250C4;
  color: #ffffff;
  border: 2px solid #1250C4;
  box-shadow: 0px 3px 1px -2px rgba(153,153,153,0.2),0px 2px 2px 0px rgba(153,153,153,0.14),0px 1px 5px 0px rgba(153,153,153,0.12);
}

.c0:hover {
  box-shadow: 0px 2px 4px -1px rgba(0,47,123,0.2),0px 4px 5px 0px rgba(0,47,123,0.14),0px 1px 10px 0px rgba(0,47,123,0.12);
  background-color: #002F7B;
  border-color: #002F7B;
}

.c0:focus,
.c0:focus-within {
  box-shadow: 0px 2px 4px -1px rgba(18,80,196,0.2),0px 4px 5px 0px rgba(18,80,196,0.14),0px 1px 10px 0px rgba(18,80,196,0.12);
}

.c0:active {
  box-shadow: 0px 5px 5px -3px rgba(0,47,123,0.2),0px 8px 10px 1px rgba(0,47,123,0.14),0px 3px 14px 2px rgba(0,47,123,0.12);
  background-color: #002F7B;
}

<button
  class="c0"
  type="button"
>
  <svg
    aria-hidden="true"
    class="MuiSvgIcon-root MuiSvgIcon-fontSizeMedium c1 css-1696fkf-MuiSvgIcon-root"
    data-qtm-preloader="icon"
    data-testid="InfoIcon"
    focusable="false"
    style="font-size: 40px; max-width: 40px;"
    viewBox="0 0 24 24"
  >
    <path
      d="M12 2C6.48 2 2 6.48 2 12s4.48 10 10 10 10-4.48 10-10S17.52 2 12 2m1 15h-2v-6h2zm0-8h-2V7h2z"
    />
  </svg>
</button>
`;

exports[`Button component when center prop is set 1`] = `
.c0 {
  -webkit-align-items: center;
  -webkit-box-align: center;
  -ms-flex-align: center;
  align-items: center;
  box-sizing: border-box;
  display: -webkit-box;
  display: -webkit-flex;
  display: -ms-flexbox;
  display: flex;
  font-weight: bold;
  -webkit-box-pack: center;
  -webkit-justify-content: center;
  -ms-flex-pack: center;
  justify-content: center;
  border-radius: 4px;
  cursor: pointer;
  font-size: 16px;
  line-height: 24px;
  min-height: 40px;
  padding: 4px 16px;
  margin-left: auto;
  margin-right: auto;
  -webkit-transition: all 0.2s ease-in-out;
  transition: all 0.2s ease-in-out;
  background-color: #1250C4;
  color: #ffffff;
  border: 2px solid #1250C4;
  box-shadow: 0px 3px 1px -2px rgba(153,153,153,0.2),0px 2px 2px 0px rgba(153,153,153,0.14),0px 1px 5px 0px rgba(153,153,153,0.12);
}

.c0:hover {
  box-shadow: 0px 2px 4px -1px rgba(0,47,123,0.2),0px 4px 5px 0px rgba(0,47,123,0.14),0px 1px 10px 0px rgba(0,47,123,0.12);
  background-color: #002F7B;
  border-color: #002F7B;
}

.c0:focus,
.c0:focus-within {
  box-shadow: 0px 2px 4px -1px rgba(18,80,196,0.2),0px 4px 5px 0px rgba(18,80,196,0.14),0px 1px 10px 0px rgba(18,80,196,0.12);
}

.c0:active {
  box-shadow: 0px 5px 5px -3px rgba(0,47,123,0.2),0px 8px 10px 1px rgba(0,47,123,0.14),0px 3px 14px 2px rgba(0,47,123,0.12);
  background-color: #002F7B;
}

<button
  class="c0"
  type="button"
>
  Text
</button>
`;

exports[`Button component when full prop is set 1`] = `
.c0 {
  -webkit-align-items: center;
  -webkit-box-align: center;
  -ms-flex-align: center;
  align-items: center;
  box-sizing: border-box;
  display: -webkit-box;
  display: -webkit-flex;
  display: -ms-flexbox;
  display: flex;
  font-weight: bold;
  -webkit-box-pack: center;
  -webkit-justify-content: center;
  -ms-flex-pack: center;
  justify-content: center;
  border-radius: 4px;
  cursor: pointer;
  font-size: 16px;
  line-height: 24px;
  min-height: 40px;
  padding: 4px 16px;
  -webkit-transition: all 0.2s ease-in-out;
  transition: all 0.2s ease-in-out;
  width: 100%;
  background-color: #1250C4;
  color: #ffffff;
  border: 2px solid #1250C4;
  box-shadow: 0px 3px 1px -2px rgba(153,153,153,0.2),0px 2px 2px 0px rgba(153,153,153,0.14),0px 1px 5px 0px rgba(153,153,153,0.12);
}

.c0:hover {
  box-shadow: 0px 2px 4px -1px rgba(0,47,123,0.2),0px 4px 5px 0px rgba(0,47,123,0.14),0px 1px 10px 0px rgba(0,47,123,0.12);
  background-color: #002F7B;
  border-color: #002F7B;
}

.c0:focus,
.c0:focus-within {
  box-shadow: 0px 2px 4px -1px rgba(18,80,196,0.2),0px 4px 5px 0px rgba(18,80,196,0.14),0px 1px 10px 0px rgba(18,80,196,0.12);
}

.c0:active {
  box-shadow: 0px 5px 5px -3px rgba(0,47,123,0.2),0px 8px 10px 1px rgba(0,47,123,0.14),0px 3px 14px 2px rgba(0,47,123,0.12);
  background-color: #002F7B;
}

<button
  class="c0"
  type="button"
>
  Text
</button>
`;

exports[`Button component when there is a skin set should match secondary snapshot 1`] = `
.c0 {
  -webkit-align-items: center;
  -webkit-box-align: center;
  -ms-flex-align: center;
  align-items: center;
  box-sizing: border-box;
  display: -webkit-box;
  display: -webkit-flex;
  display: -ms-flexbox;
  display: flex;
  font-weight: bold;
  -webkit-box-pack: center;
  -webkit-justify-content: center;
  -ms-flex-pack: center;
  justify-content: center;
  border-radius: 4px;
  cursor: pointer;
  font-size: 16px;
  line-height: 24px;
  min-height: 40px;
  padding: 4px 16px;
  -webkit-transition: all 0.2s ease-in-out;
  transition: all 0.2s ease-in-out;
  background-color: #424242;
  color: #ffffff;
  border: 2px solid #424242;
  box-shadow: 0px 3px 1px -2px rgba(153,153,153,0.2),0px 2px 2px 0px rgba(153,153,153,0.14),0px 1px 5px 0px rgba(153,153,153,0.12);
}

.c0:hover {
  box-shadow: 0px 2px 4px -1px rgba(25,25,25,0.2),0px 4px 5px 0px rgba(25,25,25,0.14),0px 1px 10px 0px rgba(25,25,25,0.12);
  background-color: #191919;
  border-color: #191919;
}

.c0:focus,
.c0:focus-within {
  box-shadow: 0px 2px 4px -1px rgba(66,66,66,0.2),0px 4px 5px 0px rgba(66,66,66,0.14),0px 1px 10px 0px rgba(66,66,66,0.12);
}

.c0:active {
  box-shadow: 0px 5px 5px -3px rgba(25,25,25,0.2),0px 8px 10px 1px rgba(25,25,25,0.14),0px 3px 14px 2px rgba(25,25,25,0.12);
  background-color: #191919;
}

<button
  class="c0"
  type="button"
>
  neutral
</button>
`;

exports[`Button component when there is a skin set should match secondary snapshot 2`] = `
.c0 {
  -webkit-align-items: center;
  -webkit-box-align: center;
  -ms-flex-align: center;
  align-items: center;
  box-sizing: border-box;
  display: -webkit-box;
  display: -webkit-flex;
  display: -ms-flexbox;
  display: flex;
  font-weight: bold;
  -webkit-box-pack: center;
  -webkit-justify-content: center;
  -ms-flex-pack: center;
  justify-content: center;
  border-radius: 4px;
  cursor: pointer;
  font-size: 16px;
  line-height: 24px;
  min-height: 40px;
  padding: 4px 16px;
  -webkit-transition: all 0.2s ease-in-out;
  transition: all 0.2s ease-in-out;
  background-color: #1250C4;
  color: #ffffff;
  border: 2px solid #1250C4;
  box-shadow: 0px 3px 1px -2px rgba(153,153,153,0.2),0px 2px 2px 0px rgba(153,153,153,0.14),0px 1px 5px 0px rgba(153,153,153,0.12);
}

.c0:hover {
  box-shadow: 0px 2px 4px -1px rgba(0,47,123,0.2),0px 4px 5px 0px rgba(0,47,123,0.14),0px 1px 10px 0px rgba(0,47,123,0.12);
  background-color: #002F7B;
  border-color: #002F7B;
}

.c0:focus,
.c0:focus-within {
  box-shadow: 0px 2px 4px -1px rgba(18,80,196,0.2),0px 4px 5px 0px rgba(18,80,196,0.14),0px 1px 10px 0px rgba(18,80,196,0.12);
}

.c0:active {
  box-shadow: 0px 5px 5px -3px rgba(0,47,123,0.2),0px 8px 10px 1px rgba(0,47,123,0.14),0px 3px 14px 2px rgba(0,47,123,0.12);
  background-color: #002F7B;
}

<button
  class="c0"
  type="button"
>
  primary
</button>
`;

exports[`Button component when there is a skin set should match secondary snapshot 3`] = `
.c0 {
  -webkit-align-items: center;
  -webkit-box-align: center;
  -ms-flex-align: center;
  align-items: center;
  box-sizing: border-box;
  display: -webkit-box;
  display: -webkit-flex;
  display: -ms-flexbox;
  display: flex;
  font-weight: bold;
  -webkit-box-pack: center;
  -webkit-justify-content: center;
  -ms-flex-pack: center;
  justify-content: center;
  border-radius: 4px;
  cursor: pointer;
  font-size: 16px;
  line-height: 24px;
  min-height: 40px;
  padding: 4px 16px;
  -webkit-transition: all 0.2s ease-in-out;
  transition: all 0.2s ease-in-out;
  background-color: #3b610f;
  color: #ffffff;
  border: 2px solid #3b610f;
  box-shadow: 0px 3px 1px -2px rgba(153,153,153,0.2),0px 2px 2px 0px rgba(153,153,153,0.14),0px 1px 5px 0px rgba(153,153,153,0.12);
}

.c0:hover {
  box-shadow: 0px 2px 4px -1px rgba(0,77,64,0.2),0px 4px 5px 0px rgba(0,77,64,0.14),0px 1px 10px 0px rgba(0,77,64,0.12);
  background-color: #004D40;
  border-color: #004D40;
}

.c0:focus,
.c0:focus-within {
  box-shadow: 0px 2px 4px -1px rgba(59,97,15,0.2),0px 4px 5px 0px rgba(59,97,15,0.14),0px 1px 10px 0px rgba(59,97,15,0.12);
}

.c0:active {
  box-shadow: 0px 5px 5px -3px rgba(0,77,64,0.2),0px 8px 10px 1px rgba(0,77,64,0.14),0px 3px 14px 2px rgba(0,77,64,0.12);
  background-color: #004D40;
}

<button
  class="c0"
  type="button"
>
  success
</button>
`;

exports[`Button component when there is a skin set should match secondary snapshot 4`] = `
.c0 {
  -webkit-align-items: center;
  -webkit-box-align: center;
  -ms-flex-align: center;
  align-items: center;
  box-sizing: border-box;
  display: -webkit-box;
  display: -webkit-flex;
  display: -ms-flexbox;
  display: flex;
  font-weight: bold;
  -webkit-box-pack: center;
  -webkit-justify-content: center;
  -ms-flex-pack: center;
  justify-content: center;
  border-radius: 4px;
  cursor: pointer;
  font-size: 16px;
  line-height: 24px;
  min-height: 40px;
  padding: 4px 16px;
  -webkit-transition: all 0.2s ease-in-out;
  transition: all 0.2s ease-in-out;
  background-color: #f09100;
  color: #ffffff;
  border: 2px solid #f09100;
  box-shadow: 0px 3px 1px -2px rgba(153,153,153,0.2),0px 2px 2px 0px rgba(153,153,153,0.14),0px 1px 5px 0px rgba(153,153,153,0.12);
}

.c0:hover {
  box-shadow: 0px 2px 4px -1px rgba(209,73,0,0.2),0px 4px 5px 0px rgba(209,73,0,0.14),0px 1px 10px 0px rgba(209,73,0,0.12);
  background-color: #d14900;
  border-color: #d14900;
}

.c0:focus,
.c0:focus-within {
  box-shadow: 0px 2px 4px -1px rgba(240,145,0,0.2),0px 4px 5px 0px rgba(240,145,0,0.14),0px 1px 10px 0px rgba(240,145,0,0.12);
}

.c0:active {
  box-shadow: 0px 5px 5px -3px rgba(209,73,0,0.2),0px 8px 10px 1px rgba(209,73,0,0.14),0px 3px 14px 2px rgba(209,73,0,0.12);
  background-color: #d14900;
}

<button
  class="c0"
  type="button"
>
  warning
</button>
`;

exports[`Button component when there is a skin set should match secondary snapshot 5`] = `
.c0 {
  -webkit-align-items: center;
  -webkit-box-align: center;
  -ms-flex-align: center;
  align-items: center;
  box-sizing: border-box;
  display: -webkit-box;
  display: -webkit-flex;
  display: -ms-flexbox;
  display: flex;
  font-weight: bold;
  -webkit-box-pack: center;
  -webkit-justify-content: center;
  -ms-flex-pack: center;
  justify-content: center;
  border-radius: 4px;
  cursor: pointer;
  font-size: 16px;
  line-height: 24px;
  min-height: 40px;
  padding: 4px 16px;
  -webkit-transition: all 0.2s ease-in-out;
  transition: all 0.2s ease-in-out;
  background-color: #e91b0c;
  color: #ffffff;
  border: 2px solid #e91b0c;
  box-shadow: 0px 3px 1px -2px rgba(153,153,153,0.2),0px 2px 2px 0px rgba(153,153,153,0.14),0px 1px 5px 0px rgba(153,153,153,0.12);
}

.c0:hover {
  box-shadow: 0px 2px 4px -1px rgba(172,0,26,0.2),0px 4px 5px 0px rgba(172,0,26,0.14),0px 1px 10px 0px rgba(172,0,26,0.12);
  background-color: #ac001a;
  border-color: #ac001a;
}

.c0:focus,
.c0:focus-within {
  box-shadow: 0px 2px 4px -1px rgba(233,27,12,0.2),0px 4px 5px 0px rgba(233,27,12,0.14),0px 1px 10px 0px rgba(233,27,12,0.12);
}

.c0:active {
  box-shadow: 0px 5px 5px -3px rgba(172,0,26,0.2),0px 8px 10px 1px rgba(172,0,26,0.14),0px 3px 14px 2px rgba(172,0,26,0.12);
  background-color: #ac001a;
}

<button
  class="c0"
  type="button"
>
  error
</button>
`;

exports[`Button component when there is a type set should match secondary snapshot 1`] = `
.c0 {
  -webkit-align-items: center;
  -webkit-box-align: center;
  -ms-flex-align: center;
  align-items: center;
  box-sizing: border-box;
  display: -webkit-box;
  display: -webkit-flex;
  display: -ms-flexbox;
  display: flex;
  font-weight: bold;
  -webkit-box-pack: center;
  -webkit-justify-content: center;
  -ms-flex-pack: center;
  justify-content: center;
  border-radius: 4px;
  cursor: pointer;
  font-size: 16px;
  line-height: 24px;
  min-height: 40px;
  padding: 4px 16px;
  -webkit-transition: all 0.2s ease-in-out;
  transition: all 0.2s ease-in-out;
  background-color: #1250C4;
  color: #ffffff;
  border: 2px solid #1250C4;
  box-shadow: 0px 3px 1px -2px rgba(153,153,153,0.2),0px 2px 2px 0px rgba(153,153,153,0.14),0px 1px 5px 0px rgba(153,153,153,0.12);
}

.c0:hover {
  box-shadow: 0px 2px 4px -1px rgba(0,47,123,0.2),0px 4px 5px 0px rgba(0,47,123,0.14),0px 1px 10px 0px rgba(0,47,123,0.12);
  background-color: #002F7B;
  border-color: #002F7B;
}

.c0:focus,
.c0:focus-within {
  box-shadow: 0px 2px 4px -1px rgba(18,80,196,0.2),0px 4px 5px 0px rgba(18,80,196,0.14),0px 1px 10px 0px rgba(18,80,196,0.12);
}

.c0:active {
  box-shadow: 0px 5px 5px -3px rgba(0,47,123,0.2),0px 8px 10px 1px rgba(0,47,123,0.14),0px 3px 14px 2px rgba(0,47,123,0.12);
  background-color: #002F7B;
}

<button
  class="c0"
  type="button"
>
  button
</button>
`;

exports[`Button component when there is a type set should match secondary snapshot 2`] = `
.c0 {
  -webkit-align-items: center;
  -webkit-box-align: center;
  -ms-flex-align: center;
  align-items: center;
  box-sizing: border-box;
  display: -webkit-box;
  display: -webkit-flex;
  display: -ms-flexbox;
  display: flex;
  font-weight: bold;
  -webkit-box-pack: center;
  -webkit-justify-content: center;
  -ms-flex-pack: center;
  justify-content: center;
  border-radius: 4px;
  cursor: pointer;
  font-size: 16px;
  line-height: 24px;
  min-height: 40px;
  padding: 4px 16px;
  -webkit-transition: all 0.2s ease-in-out;
  transition: all 0.2s ease-in-out;
  background-color: #1250C4;
  color: #ffffff;
  border: 2px solid #1250C4;
  box-shadow: 0px 3px 1px -2px rgba(153,153,153,0.2),0px 2px 2px 0px rgba(153,153,153,0.14),0px 1px 5px 0px rgba(153,153,153,0.12);
}

.c0:hover {
  box-shadow: 0px 2px 4px -1px rgba(0,47,123,0.2),0px 4px 5px 0px rgba(0,47,123,0.14),0px 1px 10px 0px rgba(0,47,123,0.12);
  background-color: #002F7B;
  border-color: #002F7B;
}

.c0:focus,
.c0:focus-within {
  box-shadow: 0px 2px 4px -1px rgba(18,80,196,0.2),0px 4px 5px 0px rgba(18,80,196,0.14),0px 1px 10px 0px rgba(18,80,196,0.12);
}

.c0:active {
  box-shadow: 0px 5px 5px -3px rgba(0,47,123,0.2),0px 8px 10px 1px rgba(0,47,123,0.14),0px 3px 14px 2px rgba(0,47,123,0.12);
  background-color: #002F7B;
}

<button
  class="c0"
  type="reset"
>
  reset
</button>
`;

exports[`Button component when there is a type set should match secondary snapshot 3`] = `
.c0 {
  -webkit-align-items: center;
  -webkit-box-align: center;
  -ms-flex-align: center;
  align-items: center;
  box-sizing: border-box;
  display: -webkit-box;
  display: -webkit-flex;
  display: -ms-flexbox;
  display: flex;
  font-weight: bold;
  -webkit-box-pack: center;
  -webkit-justify-content: center;
  -ms-flex-pack: center;
  justify-content: center;
  border-radius: 4px;
  cursor: pointer;
  font-size: 16px;
  line-height: 24px;
  min-height: 40px;
  padding: 4px 16px;
  -webkit-transition: all 0.2s ease-in-out;
  transition: all 0.2s ease-in-out;
  background-color: #1250C4;
  color: #ffffff;
  border: 2px solid #1250C4;
  box-shadow: 0px 3px 1px -2px rgba(153,153,153,0.2),0px 2px 2px 0px rgba(153,153,153,0.14),0px 1px 5px 0px rgba(153,153,153,0.12);
}

.c0:hover {
  box-shadow: 0px 2px 4px -1px rgba(0,47,123,0.2),0px 4px 5px 0px rgba(0,47,123,0.14),0px 1px 10px 0px rgba(0,47,123,0.12);
  background-color: #002F7B;
  border-color: #002F7B;
}

.c0:focus,
.c0:focus-within {
  box-shadow: 0px 2px 4px -1px rgba(18,80,196,0.2),0px 4px 5px 0px rgba(18,80,196,0.14),0px 1px 10px 0px rgba(18,80,196,0.12);
}

.c0:active {
  box-shadow: 0px 5px 5px -3px rgba(0,47,123,0.2),0px 8px 10px 1px rgba(0,47,123,0.14),0px 3px 14px 2px rgba(0,47,123,0.12);
  background-color: #002F7B;
}

<button
  class="c0"
  type="submit"
>
  submit
</button>
`;

exports[`Button component with an icon should match secondary snapshot 1`] = `
.c1 {
  pointer-events: none;
  width: 24px;
}

.c1.with-children {
  margin-right: 8px;
}

.c0 {
  -webkit-align-items: center;
  -webkit-box-align: center;
  -ms-flex-align: center;
  align-items: center;
  box-sizing: border-box;
  display: -webkit-box;
  display: -webkit-flex;
  display: -ms-flexbox;
  display: flex;
  font-weight: bold;
  -webkit-box-pack: center;
  -webkit-justify-content: center;
  -ms-flex-pack: center;
  justify-content: center;
  border-radius: 4px;
  cursor: pointer;
  font-size: 16px;
  line-height: 24px;
  min-height: 40px;
  padding: 4px 16px;
  -webkit-transition: all 0.2s ease-in-out;
  transition: all 0.2s ease-in-out;
  background-color: #1250C4;
  color: #ffffff;
  border: 2px solid #1250C4;
  box-shadow: 0px 3px 1px -2px rgba(153,153,153,0.2),0px 2px 2px 0px rgba(153,153,153,0.14),0px 1px 5px 0px rgba(153,153,153,0.12);
}

.c0:hover {
  box-shadow: 0px 2px 4px -1px rgba(0,47,123,0.2),0px 4px 5px 0px rgba(0,47,123,0.14),0px 1px 10px 0px rgba(0,47,123,0.12);
  background-color: #002F7B;
  border-color: #002F7B;
}

.c0:focus,
.c0:focus-within {
  box-shadow: 0px 2px 4px -1px rgba(18,80,196,0.2),0px 4px 5px 0px rgba(18,80,196,0.14),0px 1px 10px 0px rgba(18,80,196,0.12);
}

.c0:active {
  box-shadow: 0px 5px 5px -3px rgba(0,47,123,0.2),0px 8px 10px 1px rgba(0,47,123,0.14),0px 3px 14px 2px rgba(0,47,123,0.12);
  background-color: #002F7B;
}

<button
  class="c0"
  type="button"
>
  <svg
    aria-hidden="true"
    class="MuiSvgIcon-root MuiSvgIcon-fontSizeMedium c1 with-children css-1696fkf-MuiSvgIcon-root"
    data-qtm-preloader="icon"
    data-testid="SearchIcon"
    focusable="false"
    style="font-size: 24px; max-width: 24px;"
    viewBox="0 0 24 24"
  >
    <path
      d="M15.5 14h-.79l-.28-.27C15.41 12.59 16 11.11 16 9.5 16 5.91 13.09 3 9.5 3S3 5.91 3 9.5 5.91 16 9.5 16c1.61 0 3.09-.59 4.23-1.57l.27.28v.79l5 4.99L20.49 19zm-6 0C7.01 14 5 11.99 5 9.5S7.01 5 9.5 5 14 7.01 14 9.5 11.99 14 9.5 14"
    />
  </svg>
  Search
</button>
`;

exports[`Button component with an icon should match secondary snapshot 2`] = `
.c1 {
  pointer-events: none;
  width: 24px;
}

.c1.with-children {
  margin-right: 8px;
}

.c0 {
  -webkit-align-items: center;
  -webkit-box-align: center;
  -ms-flex-align: center;
  align-items: center;
  box-sizing: border-box;
  display: -webkit-box;
  display: -webkit-flex;
  display: -ms-flexbox;
  display: flex;
  font-weight: bold;
  -webkit-box-pack: center;
  -webkit-justify-content: center;
  -ms-flex-pack: center;
  justify-content: center;
  border-radius: 4px;
  cursor: pointer;
  font-size: 16px;
  line-height: 24px;
  min-height: 40px;
  padding: 4px 16px;
  -webkit-transition: all 0.2s ease-in-out;
  transition: all 0.2s ease-in-out;
  background-color: #1250C4;
  color: #ffffff;
  border: 2px solid #1250C4;
  box-shadow: 0px 3px 1px -2px rgba(153,153,153,0.2),0px 2px 2px 0px rgba(153,153,153,0.14),0px 1px 5px 0px rgba(153,153,153,0.12);
}

.c0:hover {
  box-shadow: 0px 2px 4px -1px rgba(0,47,123,0.2),0px 4px 5px 0px rgba(0,47,123,0.14),0px 1px 10px 0px rgba(0,47,123,0.12);
  background-color: #002F7B;
  border-color: #002F7B;
}

.c0:focus,
.c0:focus-within {
  box-shadow: 0px 2px 4px -1px rgba(18,80,196,0.2),0px 4px 5px 0px rgba(18,80,196,0.14),0px 1px 10px 0px rgba(18,80,196,0.12);
}

.c0:active {
  box-shadow: 0px 5px 5px -3px rgba(0,47,123,0.2),0px 8px 10px 1px rgba(0,47,123,0.14),0px 3px 14px 2px rgba(0,47,123,0.12);
  background-color: #002F7B;
}

<button
  class="c0"
  type="button"
>
  <svg
    aria-hidden="true"
    class="MuiSvgIcon-root MuiSvgIcon-fontSizeMedium c1 with-children css-1696fkf-MuiSvgIcon-root"
    data-qtm-preloader="icon"
    data-testid="PaymentIcon"
    focusable="false"
    style="font-size: 24px; max-width: 24px;"
    viewBox="0 0 24 24"
  >
    <path
      d="M20 4H4c-1.11 0-1.99.89-1.99 2L2 18c0 1.11.89 2 2 2h16c1.11 0 2-.89 2-2V6c0-1.11-.89-2-2-2m0 14H4v-6h16zm0-10H4V6h16z"
    />
  </svg>
  Payment
</button>
`;

exports[`Button component with an icon should match secondary snapshot 3`] = `
.c1 {
  pointer-events: none;
  width: 24px;
}

.c1.with-children {
  margin-right: 8px;
}

.c0 {
  -webkit-align-items: center;
  -webkit-box-align: center;
  -ms-flex-align: center;
  align-items: center;
  box-sizing: border-box;
  display: -webkit-box;
  display: -webkit-flex;
  display: -ms-flexbox;
  display: flex;
  font-weight: bold;
  -webkit-box-pack: center;
  -webkit-justify-content: center;
  -ms-flex-pack: center;
  justify-content: center;
  border-radius: 4px;
  cursor: pointer;
  font-size: 16px;
  line-height: 24px;
  min-height: 40px;
  padding: 4px 16px;
  -webkit-transition: all 0.2s ease-in-out;
  transition: all 0.2s ease-in-out;
  background-color: #1250C4;
  color: #ffffff;
  border: 2px solid #1250C4;
  box-shadow: 0px 3px 1px -2px rgba(153,153,153,0.2),0px 2px 2px 0px rgba(153,153,153,0.14),0px 1px 5px 0px rgba(153,153,153,0.12);
}

.c0:hover {
  box-shadow: 0px 2px 4px -1px rgba(0,47,123,0.2),0px 4px 5px 0px rgba(0,47,123,0.14),0px 1px 10px 0px rgba(0,47,123,0.12);
  background-color: #002F7B;
  border-color: #002F7B;
}

.c0:focus,
.c0:focus-within {
  box-shadow: 0px 2px 4px -1px rgba(18,80,196,0.2),0px 4px 5px 0px rgba(18,80,196,0.14),0px 1px 10px 0px rgba(18,80,196,0.12);
}

.c0:active {
  box-shadow: 0px 5px 5px -3px rgba(0,47,123,0.2),0px 8px 10px 1px rgba(0,47,123,0.14),0px 3px 14px 2px rgba(0,47,123,0.12);
  background-color: #002F7B;
}

<button
  class="c0"
  type="button"
>
  <svg
    aria-hidden="true"
    class="MuiSvgIcon-root MuiSvgIcon-fontSizeMedium c1 with-children css-1696fkf-MuiSvgIcon-root"
    data-qtm-preloader="icon"
    data-testid="LockIcon"
    focusable="false"
    style="font-size: 24px; max-width: 24px;"
    viewBox="0 0 24 24"
  >
    <path
      d="M18 8h-1V6c0-2.76-2.24-5-5-5S7 3.24 7 6v2H6c-1.1 0-2 .9-2 2v10c0 1.1.9 2 2 2h12c1.1 0 2-.9 2-2V10c0-1.1-.9-2-2-2m-6 9c-1.1 0-2-.9-2-2s.9-2 2-2 2 .9 2 2-.9 2-2 2m3.1-9H8.9V6c0-1.71 1.39-3.1 3.1-3.1 1.71 0 3.1 1.39 3.1 3.1z"
    />
  </svg>
  Lock
</button>
`;

exports[`Button component with an icon should match secondary snapshot 4`] = `
.c1 {
  pointer-events: none;
  width: 24px;
}

.c1.with-children {
  margin-right: 8px;
}

.c0 {
  -webkit-align-items: center;
  -webkit-box-align: center;
  -ms-flex-align: center;
  align-items: center;
  box-sizing: border-box;
  display: -webkit-box;
  display: -webkit-flex;
  display: -ms-flexbox;
  display: flex;
  font-weight: bold;
  -webkit-box-pack: center;
  -webkit-justify-content: center;
  -ms-flex-pack: center;
  justify-content: center;
  border-radius: 4px;
  cursor: pointer;
  font-size: 16px;
  line-height: 24px;
  min-height: 40px;
  padding: 4px 16px;
  -webkit-transition: all 0.2s ease-in-out;
  transition: all 0.2s ease-in-out;
  background-color: #1250C4;
  color: #ffffff;
  border: 2px solid #1250C4;
  box-shadow: 0px 3px 1px -2px rgba(153,153,153,0.2),0px 2px 2px 0px rgba(153,153,153,0.14),0px 1px 5px 0px rgba(153,153,153,0.12);
}

.c0:hover {
  box-shadow: 0px 2px 4px -1px rgba(0,47,123,0.2),0px 4px 5px 0px rgba(0,47,123,0.14),0px 1px 10px 0px rgba(0,47,123,0.12);
  background-color: #002F7B;
  border-color: #002F7B;
}

.c0:focus,
.c0:focus-within {
  box-shadow: 0px 2px 4px -1px rgba(18,80,196,0.2),0px 4px 5px 0px rgba(18,80,196,0.14),0px 1px 10px 0px rgba(18,80,196,0.12);
}

.c0:active {
  box-shadow: 0px 5px 5px -3px rgba(0,47,123,0.2),0px 8px 10px 1px rgba(0,47,123,0.14),0px 3px 14px 2px rgba(0,47,123,0.12);
  background-color: #002F7B;
}

<button
  class="c0"
  type="button"
>
  <svg
    aria-hidden="true"
    class="MuiSvgIcon-root MuiSvgIcon-fontSizeMedium c1 with-children css-1696fkf-MuiSvgIcon-root"
    data-qtm-preloader="icon"
    data-testid="StarIcon"
    focusable="false"
    style="font-size: 24px; max-width: 24px;"
    viewBox="0 0 24 24"
  >
    <path
      d="M12 17.27 18.18 21l-1.64-7.03L22 9.24l-7.19-.61L12 2 9.19 8.63 2 9.24l5.46 4.73L5.82 21z"
    />
  </svg>
  Star
</button>
`;
