// Jest Snapshot v1, https://goo.gl/fbAQLP

exports[`<Avatar /> Should match snapshot With href 1`] = `
.c0 {
  display: -webkit-inline-box;
  display: -webkit-inline-flex;
  display: -ms-inline-flexbox;
  display: inline-flex;
  position: relative;
  height: 24px;
  -webkit-text-decoration: unset;
  text-decoration: unset;
  color: unset;
}

.c1 {
  border-radius: 50%;
  background: #424242;
  padding: 3px;
  pointer-events: none;
}

<a
  className="c0"
  href="#"
>
  <svg
    aria-hidden="true"
    className="MuiSvgIcon-root c1"
    focusable="false"
    role="presentation"
    style={
      Object {
        "color": "#e0e0e0",
        "fontSize": "18px",
      }
    }
    viewBox="0 0 24 24"
  >
    <path
      d="M12 12c2.21 0 4-1.79 4-4s-1.79-4-4-4-4 1.79-4 4 1.79 4 4 4zm0 2c-2.67 0-8 1.34-8 4v2h16v-2c0-2.66-5.33-4-8-4z"
    />
  </svg>
  
</a>
`;

exports[`<Avatar /> Should match snapshot With notification 1`] = `
.c0 {
  display: -webkit-inline-box;
  display: -webkit-inline-flex;
  display: -ms-inline-flexbox;
  display: inline-flex;
  position: relative;
  height: 24px;
  -webkit-text-decoration: unset;
  text-decoration: unset;
  color: unset;
}

.c1 {
  border-radius: 50%;
  background: #424242;
  padding: 3px;
  pointer-events: none;
}

.c2 {
  border-radius: 50%;
  background-color: #DE0059;
  position: absolute;
  left: 17px;
  top: 0;
  width: 12px;
  height: 12px;
}

<span
  className="c0"
>
  <svg
    aria-hidden="true"
    className="MuiSvgIcon-root c1"
    focusable="false"
    role="presentation"
    style={
      Object {
        "color": "#e0e0e0",
        "fontSize": "18px",
      }
    }
    viewBox="0 0 24 24"
  >
    <path
      d="M12 12c2.21 0 4-1.79 4-4s-1.79-4-4-4-4 1.79-4 4 1.79 4 4 4zm0 2c-2.67 0-8 1.34-8 4v2h16v-2c0-2.66-5.33-4-8-4z"
    />
  </svg>
  <span
    className="c2"
  />
  
</span>
`;

exports[`<Avatar /> Should match snapshot With picture 1`] = `
.c0 {
  display: -webkit-inline-box;
  display: -webkit-inline-flex;
  display: -ms-inline-flexbox;
  display: inline-flex;
  position: relative;
  height: 24px;
  -webkit-text-decoration: unset;
  text-decoration: unset;
  color: unset;
}

.c1 {
  border-radius: 50%;
  width: 24px;
  height: 24px;
  overflow: hidden;
  pointer-events: none;
}

<span
  className="c0"
>
  <img
    alt="user picture"
    className="c1"
    src="data:image/jpeg;base64,/9j/4AAQSkZJRgABAQEBLAEsAAD/4gKwSUNDX1BST0ZJTEUAAQEAAAKgbGNtcwQwAABtbnRyUkdCIFhZWiAH5AAJABEAEgAwADhhY3NwQVBQTAAAAAAAAAAAAAAAAAAAAAAAAAAAAAAAAAAA9tYAAQAAAADTLWxjbXMAAAAAAAAAAAAAAAAAAAAAAAAAAAAAAAAAAAAAAAAAAAAAAAAAAAAAAAAAAAAAAA1kZXNjAAABIAAAAEBjcHJ0AAABYAAAADZ3dHB0AAABmAAAABRjaGFkAAABrAAAACxyWFlaAAAB2AAAABRiWFlaAAAB7AAAABRnWFlaAAACAAAAABRyVFJDAAACFAAAACBnVFJDAAACFAAAACBiVFJDAAACFAAAACBjaHJtAAACNAAAACRkbW5kAAACWAAAACRkbWRkAAACfAAAACRtbHVjAAAAAAAAAAEAAAAMZW5VUwAAACQAAAAcAEcASQBNAFAAIABiAHUAaQBsAHQALQBpAG4AIABzAFIARwBCbWx1YwAAAAAAAAABAAAADGVuVVMAAAAaAAAAHABQAHUAYgBsAGkAYwAgAEQAbwBtAGEAaQBuAABYWVogAAAAAAAA9tYAAQAAAADTLXNmMzIAAAAAAAEMQgAABd7///MlAAAHkwAA/ZD///uh///9ogAAA9wAAMBuWFlaIAAAAAAAAG+gAAA49QAAA5BYWVogAAAAAAAAJJ8AAA+EAAC2xFhZWiAAAAAAAABilwAAt4cAABjZcGFyYQAAAAAAAwAAAAJmZgAA8qcAAA1ZAAAT0AAACltjaHJtAAAAAAADAAAAAKPXAABUfAAATM0AAJmaAAAmZwAAD1xtbHVjAAAAAAAAAAEAAAAMZW5VUwAAAAgAAAAcAEcASQBNAFBtbHVjAAAAAAAAAAEAAAAMZW5VUwAAAAgAAAAcAHMAUgBHAEL/2wBDAAoHBwgHBgoICAgLCgoLDhgQDg0NDh0VFhEYIx8lJCIfIiEmKzcvJik0KSEiMEExNDk7Pj4+JS5ESUM8SDc9Pjv/2wBDAQoLCw4NDhwQEBw7KCIoOzs7Ozs7Ozs7Ozs7Ozs7Ozs7Ozs7Ozs7Ozs7Ozs7Ozs7Ozs7Ozs7Ozs7Ozs7Ozs7Ozv/wgARCABAAEADAREAAhEBAxEB/8QAGgAAAwEBAQEAAAAAAAAAAAAABAUGAgMBAP/EABkBAAMBAQEAAAAAAAAAAAAAAAACAwEEBf/aAAwDAQACEAMQAAABk8zYFruzTAcrozIZz1W98F82VbvMNhQIzCe+c7I++SwOeHwHJbm06PBrPVHTOWTcgStGCUBeZ4thmr3WHMwBs7U8uiXtyujKhdHfIRlEMISrCd1N+K3V2y6ivNA8xkdpy9xeaq7/AC/dD5VOZULLhHrebu9Fj+vh5tjBG//EACMQAAMAAgIBBAMBAAAAAAAAAAECAwAEERITBSEiMRAjMkH/2gAIAQEAAQUCxRyVmnL0nxr2zzx11l6n4stRLxe+tlTr8FsJxWZclvs+NHyBEIiNM8N9/iE+zMCr6o5wzkEpThG9zkJ+R9ePWth1bQJLLFOKzHQ/eazhKJ4/Hst2t6fJkqDjLmyGF8iOWuvxA99V4qoomf5T916S61jqshrAsvAJr1OarO61cJNOG2FHNz/JIEFJJ5+OpTq//8QAHxEAAgICAwADAAAAAAAAAAAAAAECEQMQICExEjJB/9oACAEDAQE/Aa5IR3xQuxLjjjZLS4Y4/IhBp9k4tC1W8UqZSMjti29Y12ZPrq1pui2WY4UZFcXtMyeC8IrsTJsao/SPp//EAB0RAAMAAgMBAQAAAAAAAAAAAAABAhARICExA0H/2gAIAQIBAT8Bxtilj3imz6M6GuDRa66Pp4uNMTGy02azT0OuhMeNvNrZtkrorjRHuHLwkaQpLZD1RrDRHpQ30UtkyJtn4Pw//8QAJhAAAQMCBgEFAQAAAAAAAAAAAQACERIhAxAiMUFRYSAjMkKRgf/aAAgBAQAGPwJbq7kQP2FQ7U08I06pbGyvhhNxNuQtGE1/khSMOh3g5y0prSG/i+LbGZHKZfkr5tPouqgDCk4gpITZxbAlHOJRdimW7WRNU9KmJXaMC8Z3Xt4lP9VuFq6zdUIv6IKiQer5SgN5KLQbBSVPV0E2npEG8KUy8QVSR9rqye7woaMg0/Zf/8QAIBABAAMAAgIDAQEAAAAAAAAAAQARITFRQWEQcaGBsf/aAAgBAQABPyGqa8zox3OdzqcAHMR5zhZnATwnD7nASGYVAE2bCvexDVFzQgLD7Mf5FXIjyx2wPqF28KtMd0dvegwK5Bv9qawirqJy/PHHC5Vu58QWAWuZfRZZ5cjr5o4IrHv4K1Q7loFT7IqqCpbmF7BfdEpBKXdPcw9pWQIrPjNcYlcF5Cn5BUeZHuNeJ4XA6/Idczdwp+M+Ip9UTDYbsEn3Wv2FKSNiXiGweAMK6E5lONmBScJjFQdFbruKOitM8S3kdFdiv5BNr5L9x4wpz9R07T/yZ0d23HHfEPdcfqf/2gAMAwEAAgADAAAAEOHc7pxB0EcoXykbPN5+kpBl3Zho9zWPIf/EABwRAQEBAQEBAQEBAAAAAAAAAAEAESExEEFRYf/aAAgBAwEBPxBnkd/JSA3ZSwKsCz+oOdt+EiH6smBn6C7DHTyDkwewm8+6ktTEdXl38B9JBtXy4p4RSTLL182gxNpDcGe2BY9pI4QHYzf5C4kKTPJeS2wArZMuIQ+oin//xAAdEQEBAQEAAwEBAQAAAAAAAAABABEhEDFBIFFx/9oACAECAQE/ENlwtPl7CwHCdhBhaAt/GW7AFvj632LQGXPxmc8HThC4Sg75xbE8RM87bv4kHLCy0/ZaQ7bHh4S3Fj6gdyBLRyWLQ1tXLIb2sE7Edjt4WRYFi5Zot/iTTP/EACIQAQEAAgIBBQEBAQAAAAAAAAERACExQVFhcYGRobHB8P/aAAgBAQABPxBSiwcGKFXgbwFnbAA76xRY2gizn2uWR5gDj1Suuf3JAjRBXG3G5iA2OFh84vNPOBK5HWMZaAAde1cepNZvXqNHs47Eg8V4xrkz1mOvnOYSTC9LrLJE/Cg8BBmjGpcmqL23k3gJqSjb+XLKcOjx8YtbZMho7cChCYN36zbsDfgXvJH1imLH251M5lPG7DRntmypV4v3nEV5T3e8YMHR3gfWsKYEl2XXaQnjCmr64ep1pwB3Sb9NvWpfOB4VqUoC/mOEKo6MwoYR2cbyWs1ijZrULMccpMbd0OC8WkdK1flz3ibtWPF9cYQajSKYZAXXWAnGgad8mag94sxxvBhCQHK5WYoFKh7ZxHoXFDxt3hhJ4Yk+sqFgXD0iZJSy/wAwb06eGc/uJdE+NJ1lOgPHtN4/BdDqBN99c41bv6RfzLnSb7Hr8xknYG75xwDYzUNj71gDcAtUBbrv/cu5g7PKB19/3DoBKeWsctEUTLLwTxN+c1Twn/vvAoESztFL/PnP/9k="
  />
  
</span>
`;

exports[`<Avatar /> Should match snapshot With text 1`] = `
.c0 {
  display: -webkit-inline-box;
  display: -webkit-inline-flex;
  display: -ms-inline-flexbox;
  display: inline-flex;
  position: relative;
  height: 24px;
  -webkit-text-decoration: unset;
  text-decoration: unset;
  color: unset;
}

.c1 {
  border-radius: 50%;
  background: #424242;
  padding: 3px;
  pointer-events: none;
}

.c2 {
  display: -webkit-inline-box;
  display: -webkit-inline-flex;
  display: -ms-inline-flexbox;
  display: inline-flex;
  margin-left: 12px;
  pointer-events: none;
}

<span
  className="c0"
>
  <svg
    aria-hidden="true"
    className="MuiSvgIcon-root c1"
    focusable="false"
    role="presentation"
    style={
      Object {
        "color": "#e0e0e0",
        "fontSize": "18px",
      }
    }
    viewBox="0 0 24 24"
  >
    <path
      d="M12 12c2.21 0 4-1.79 4-4s-1.79-4-4-4-4 1.79-4 4 1.79 4 4 4zm0 2c-2.67 0-8 1.34-8 4v2h16v-2c0-2.66-5.33-4-8-4z"
    />
  </svg>
  <span
    className="c2"
  >
    Profile
  </span>
</span>
`;

exports[`<Avatar /> Should match snapshot With toggle icon 1`] = `
.c0 {
  display: -webkit-inline-box;
  display: -webkit-inline-flex;
  display: -ms-inline-flexbox;
  display: inline-flex;
  position: relative;
  height: 24px;
  -webkit-text-decoration: unset;
  text-decoration: unset;
  color: unset;
}

.c1 {
  border-radius: 50%;
  background: #424242;
  padding: 3px;
  pointer-events: none;
}

.c2 {
  pointer-events: none;
}

<span
  className="c0"
>
  <svg
    aria-hidden="true"
    className="MuiSvgIcon-root c1"
    focusable="false"
    role="presentation"
    style={
      Object {
        "color": "#e0e0e0",
        "fontSize": "18px",
      }
    }
    viewBox="0 0 24 24"
  >
    <path
      d="M12 12c2.21 0 4-1.79 4-4s-1.79-4-4-4-4 1.79-4 4 1.79 4 4 4zm0 2c-2.67 0-8 1.34-8 4v2h16v-2c0-2.66-5.33-4-8-4z"
    />
  </svg>
  
  <svg
    aria-hidden="true"
    className="MuiSvgIcon-root c2"
    data-qtm-preloader="icon"
    focusable="false"
    role="presentation"
    style={
      Object {
        "color": "",
        "fontSize": 24,
        "maxWidth": 24,
      }
    }
    viewBox="0 0 24 24"
  >
    <path
      d="M7.41 8.59L12 13.17l4.59-4.58L18 10l-6 6-6-6 1.41-1.41z"
    />
  </svg>
</span>
`;

exports[`<Avatar /> Should match snapshot Without picture 1`] = `
.c0 {
  display: -webkit-inline-box;
  display: -webkit-inline-flex;
  display: -ms-inline-flexbox;
  display: inline-flex;
  position: relative;
  height: 24px;
  -webkit-text-decoration: unset;
  text-decoration: unset;
  color: unset;
}

.c1 {
  border-radius: 50%;
  background: #424242;
  padding: 3px;
  pointer-events: none;
}

<span
  className="c0"
>
  <svg
    aria-hidden="true"
    className="MuiSvgIcon-root c1"
    focusable="false"
    role="presentation"
    style={
      Object {
        "color": "#e0e0e0",
        "fontSize": "18px",
      }
    }
    viewBox="0 0 24 24"
  >
    <path
      d="M12 12c2.21 0 4-1.79 4-4s-1.79-4-4-4-4 1.79-4 4 1.79 4 4 4zm0 2c-2.67 0-8 1.34-8 4v2h16v-2c0-2.66-5.33-4-8-4z"
    />
  </svg>
  
</span>
`;
