// Jest Snapshot v1, https://goo.gl/fbAQLP

exports[`<Title /> Should match the snapshot 1`] = `
<h1
  className="Title-sc-1vnr32k-0"
/>
`;
