// Jest Snapshot v1, https://goo.gl/fbAQLP

exports[`Typography component Should match snapshot 1`] = `
<link
  href="https://fonts.googleapis.com/css?family=Nunito+Sans:400,600,700,400i,600i,700i&display=swap"
  rel="stylesheet"
/>
`;
