// Jest Snapshot v1, https://goo.gl/fbAQLP

exports[`<Menu /> should match the snapshots 1`] = `<DocumentFragment />`;
