// Jest Snapshot v1, https://goo.gl/fbAQLP

exports[`<Header /> Should match the snapshot 1`] = `
.c0 {
  margin-top: 4px;
  margin-bottom: 4px;
}

<List.Header>
  <Header>
    <StyledComponent
      forwardedComponent={
        Object {
          "$$typeof": Symbol(react.forward_ref),
          "attrs": Array [],
          "componentStyle": ComponentStyle {
            "componentId": "Header__Title-e8ruju-0",
            "isStatic": true,
            "lastClassName": "c0",
            "rules": Array [
              "margin-top:4px;margin-bottom:4px;",
            ],
          },
          "displayName": "Header",
          "foldedComponentIds": Array [],
          "render": [Function],
          "styledComponentId": "Header__Title-e8ruju-0",
          "target": "span",
          "toString": [Function],
          "warnTooManyClasses": [Function],
          "withComponent": [Function],
        }
      }
      forwardedRef={null}
    >
      <span
        className="c0"
      >
        Header
      </span>
    </StyledComponent>
  </Header>
</List.Header>
`;
