// Jest Snapshot v1, https://goo.gl/fbAQLP

exports[`<Item /> Should match the snapshot 1`] = `
ShallowWrapper {
  Symbol(enzyme.__root__): [Circular],
  Symbol(enzyme.__unrendered__): <List.Item
    bullet=""
    content={null}
    icon=""
  />,
  Symbol(enzyme.__renderer__): Object {
    "batchedUpdates": [Function],
    "checkPropTypes": [Function],
    "getNode": [Function],
    "render": [Function],
    "simulateError": [Function],
    "simulateEvent": [Function],
    "unmount": [Function],
  },
  Symbol(enzyme.__node__): Object {
    "instance": null,
    "key": undefined,
    "nodeType": "host",
    "props": Object {
      "children": <ForwardRef
        bullet=""
      >
        
        <List.Content
          content={null}
          header=""
          subheader=""
        />
      </ForwardRef>,
    },
    "ref": null,
    "rendered": Object {
      "instance": null,
      "key": undefined,
      "nodeType": "function",
      "props": Object {
        "bullet": "",
        "children": Array [
          "",
          <List.Content
            content={null}
            header=""
            subheader=""
          />,
        ],
      },
      "ref": null,
      "rendered": Array [
        "",
        Object {
          "instance": null,
          "key": undefined,
          "nodeType": "class",
          "props": Object {
            "children": null,
            "content": null,
            "header": "",
            "subheader": "",
          },
          "ref": null,
          "rendered": null,
          "type": [Function],
        },
      ],
      "type": Object {
        "$$typeof": Symbol(react.forward_ref),
        "attrs": Array [],
        "componentStyle": ComponentStyle {
          "componentId": "Item__ListItem-culzzj-1",
          "isStatic": false,
          "rules": Array [
            "display:flex;flex-direction:row;align-items:center;padding:10px 16px;",
            [Function],
            ";",
          ],
        },
        "displayName": "ListItem",
        "foldedComponentIds": Array [],
        "render": [Function],
        "styledComponentId": "Item__ListItem-culzzj-1",
        "target": "div",
        "toString": [Function],
        "warnTooManyClasses": [Function],
        "withComponent": [Function],
      },
    },
    "type": "li",
  },
  Symbol(enzyme.__nodes__): Array [
    Object {
      "instance": null,
      "key": undefined,
      "nodeType": "host",
      "props": Object {
        "children": <ForwardRef
          bullet=""
        >
          
          <List.Content
            content={null}
            header=""
            subheader=""
          />
        </ForwardRef>,
      },
      "ref": null,
      "rendered": Object {
        "instance": null,
        "key": undefined,
        "nodeType": "function",
        "props": Object {
          "bullet": "",
          "children": Array [
            "",
            <List.Content
              content={null}
              header=""
              subheader=""
            />,
          ],
        },
        "ref": null,
        "rendered": Array [
          "",
          Object {
            "instance": null,
            "key": undefined,
            "nodeType": "class",
            "props": Object {
              "children": null,
              "content": null,
              "header": "",
              "subheader": "",
            },
            "ref": null,
            "rendered": null,
            "type": [Function],
          },
        ],
        "type": Object {
          "$$typeof": Symbol(react.forward_ref),
          "attrs": Array [],
          "componentStyle": ComponentStyle {
            "componentId": "Item__ListItem-culzzj-1",
            "isStatic": false,
            "rules": Array [
              "display:flex;flex-direction:row;align-items:center;padding:10px 16px;",
              [Function],
              ";",
            ],
          },
          "displayName": "ListItem",
          "foldedComponentIds": Array [],
          "render": [Function],
          "styledComponentId": "Item__ListItem-culzzj-1",
          "target": "div",
          "toString": [Function],
          "warnTooManyClasses": [Function],
          "withComponent": [Function],
        },
      },
      "type": "li",
    },
  ],
  Symbol(enzyme.__options__): Object {
    "adapter": ReactSixteenAdapter {
      "options": Object {
        "enableComponentDidUpdateOnSetState": true,
        "legacyContextMode": "parent",
        "lifecycles": Object {
          "componentDidUpdate": Object {
            "onSetState": true,
          },
          "getChildContext": Object {
            "calledByRenderer": false,
          },
          "getDerivedStateFromProps": Object {
            "hasShouldComponentUpdateBug": false,
          },
          "getSnapshotBeforeUpdate": true,
          "setState": Object {
            "skipsComponentDidUpdateOnNullish": true,
          },
        },
      },
    },
    Symbol(enzyme.__providerValues__): undefined,
  },
  Symbol(enzyme.__providerValues__): Map {},
  Symbol(enzyme.__childContext__): null,
}
`;
