// Jest Snapshot v1, https://goo.gl/fbAQLP

exports[`<SubHeader /> Should match the snapshot 1`] = `
ShallowWrapper {
  Symbol(enzyme.__root__): [Circular],
  Symbol(enzyme.__unrendered__): <List.SubHeader>
    SubHeader
  </List.SubHeader>,
  Symbol(enzyme.__renderer__): Object {
    "batchedUpdates": [Function],
    "checkPropTypes": [Function],
    "getNode": [Function],
    "render": [Function],
    "simulateError": [Function],
    "simulateEvent": [Function],
    "unmount": [Function],
  },
  Symbol(enzyme.__node__): Object {
    "instance": null,
    "key": undefined,
    "nodeType": "function",
    "props": Object {
      "children": "SubHeader",
    },
    "ref": null,
    "rendered": "SubHeader",
    "type": Object {
      "$$typeof": Symbol(react.forward_ref),
      "attrs": Array [],
      "componentStyle": ComponentStyle {
        "componentId": "SubHeader__Description-gatzne-0",
        "isStatic": true,
        "rules": Array [
          "font-size:12px;",
        ],
      },
      "displayName": "SubHeader",
      "foldedComponentIds": Array [],
      "render": [Function],
      "styledComponentId": "SubHeader__Description-gatzne-0",
      "target": "span",
      "toString": [Function],
      "warnTooManyClasses": [Function],
      "withComponent": [Function],
    },
  },
  Symbol(enzyme.__nodes__): Array [
    Object {
      "instance": null,
      "key": undefined,
      "nodeType": "function",
      "props": Object {
        "children": "SubHeader",
      },
      "ref": null,
      "rendered": "SubHeader",
      "type": Object {
        "$$typeof": Symbol(react.forward_ref),
        "attrs": Array [],
        "componentStyle": ComponentStyle {
          "componentId": "SubHeader__Description-gatzne-0",
          "isStatic": true,
          "rules": Array [
            "font-size:12px;",
          ],
        },
        "displayName": "SubHeader",
        "foldedComponentIds": Array [],
        "render": [Function],
        "styledComponentId": "SubHeader__Description-gatzne-0",
        "target": "span",
        "toString": [Function],
        "warnTooManyClasses": [Function],
        "withComponent": [Function],
      },
    },
  ],
  Symbol(enzyme.__options__): Object {
    "adapter": ReactSixteenAdapter {
      "options": Object {
        "enableComponentDidUpdateOnSetState": true,
        "legacyContextMode": "parent",
        "lifecycles": Object {
          "componentDidUpdate": Object {
            "onSetState": true,
          },
          "getChildContext": Object {
            "calledByRenderer": false,
          },
          "getDerivedStateFromProps": Object {
            "hasShouldComponentUpdateBug": false,
          },
          "getSnapshotBeforeUpdate": true,
          "setState": Object {
            "skipsComponentDidUpdateOnNullish": true,
          },
        },
      },
    },
  },
}
`;
