// Jest Snapshot v1, https://goo.gl/fbAQLP

exports[`<Blockquote /> Should match the snapshot 1`] = `
<DocumentFragment>
  .Blockquote-module__blockquote___Xqdgz {
  font-size: 12px;
  letter-spacing: .2px;
  line-height: 18px;
  margin: 0;
}

<blockquote
    class="Blockquote-module__blockquote___Xqdgz"
  />
</DocumentFragment>
`;
