// Jest Snapshot v1, https://goo.gl/fbAQLP

exports[`<Title /> Should match the snapshot 1`] = `
<DocumentFragment>
  <h1
    class=""
  />
</DocumentFragment>
`;
